Enter the name of movie playing in theater #1 :
Enter the number of seats in the theater   #1 :

Enter the name of movie playing in theater #2 :
Enter the number of seats in the theater   #2 :

Enter the name of movie playing in theater #3 :
Enter the number of seats in the theater   #3 :

Enter the name of movie playing in theater #4 :
Enter the number of seats in the theater   #4 :

Enter the name of movie playing in theater #5 :
Enter the number of seats in the theater   #5 :

Enter the name of movie playing in theater #6 :
Enter the number of seats in the theater   #6 :

Enter the name of movie playing in theater #7 :

Enter the name of customer #1 :
For customer #1 :
Enter preference #1 :
Enter preference #2 :
Enter preference #3 :

Enter the name of customer #2 :
For customer #2 :
Enter preference #1 :
Enter preference #2 :
Enter preference #3 :

Enter the name of customer #3 :
For customer #3 :
Enter preference #1 :
Enter preference #2 :
Enter preference #3 :
Enter preference #4 :

Enter the name of customer #4 :
For customer #4 :
Enter preference #1 :
Enter preference #2 :

Enter the name of customer #5 :
For customer #5 :
Enter preference #1 :
Enter preference #2 :
Enter preference #3 :

Enter the name of customer #6 :
For customer #6 :
Enter preference #1 :
Enter preference #2 :

Enter the name of customer #7 :
For customer #7 :
Enter preference #1 :
Enter preference #2 :
Enter preference #3 :
Enter preference #4 :
Enter preference #5 :

Enter the name of customer #8 :

Customer #1 : Death, The TA formerly known as
Ticket for  : You've Got Mail
Customer #2 : Date, Vu's
Ticket for  : Babe 2 : Pig in the City
Customer #3 : Worshipper, Bill Gates
Ticket for  : Get Shorty
Customer #4 : Shackelford, Russ
Ticket for  : Get Shorty
Customer #5 : Greenlee, Jim
Ticket for  : Get Shorty
Customer #6 : Nolan, Lee
Ticket for  : The Incredible Sarah
Customer #7 : Eiselt, Kurt
Ticket for  : Babe 2 : Pig in the City

